--- diff-t6.1
+++ diff-t6.2
@@ -6,4 +6,4 @@
 Before reporting a bug, please try to reproduce it with the latest
 version of the code.  With bug reports, please try to ensure that
 enough information to reproduce the problem is enclosed, and if a
-known fix for it exists, include that as well.
\ No newline at end of file
+known fix for it exists, include that as well.
