--- diff-t10.1
+++ diff-t10.2
@@ -1 +1 @@
-a line of text
+Another line of text
