--- diff-t14.1
+++ diff-t14.2
@@ -1,2 +1,3 @@
 1
-2
+2
+3
