--- diff-t15.1
+++ diff-t15.2
@@ -1,3 +1,2 @@
 1
 2
-3
