--- diff-t12.1
+++ diff-t12.2
@@ -1,3 +1,5 @@
+#	$OpenBSD: t12.2,v 1.1 2003/07/21 20:16:21 otto Exp $
+
 # Test HMAC:
 
 PROG=		hmactest
