1
2
3
4
<<<<<<<<<< merge-t3.l
y
========== original
5
========== merge-t3.r
x
>>>>>>>>>>
6
7
8
9
10
