A a
A b
A dir/a
A dir/b
A extra/a
A extra/b
A more/a
A more/b
A more/c
